
Discarded input sections

 .bss           0x00000000        0x0 build/framebuffer.o
 .ARM.attributes
                0x00000000        0x0 build/framebuffer.o
 .glue_7        0x00000000        0x0 build/framebuffer.o
 .glue_7t       0x00000000        0x0 build/framebuffer.o
 .vfp11_veneer  0x00000000        0x0 build/framebuffer.o
 .janus_2cc_veneer
                0x00000000        0x0 build/framebuffer.o
 .v4_bx         0x00000000        0x0 build/framebuffer.o
 .bss           0x00000000        0x0 build/gpio.o
 .ARM.attributes
                0x00000000        0x0 build/gpio.o
 .glue_7        0x00000000        0x0 build/gpio.o
 .glue_7t       0x00000000        0x0 build/gpio.o
 .vfp11_veneer  0x00000000        0x0 build/gpio.o
 .janus_2cc_veneer
                0x00000000        0x0 build/gpio.o
 .v4_bx         0x00000000        0x0 build/gpio.o
 .bss           0x00000000        0x0 build/mailbox.o
 .ARM.attributes
                0x00000000        0x0 build/mailbox.o
 .glue_7        0x00000000        0x0 build/mailbox.o
 .glue_7t       0x00000000        0x0 build/mailbox.o
 .vfp11_veneer  0x00000000        0x0 build/mailbox.o
 .janus_2cc_veneer
                0x00000000        0x0 build/mailbox.o
 .v4_bx         0x00000000        0x0 build/mailbox.o
 .bss           0x00000000        0x0 build/main.o
 .ARM.attributes
                0x00000000        0x0 build/main.o
 .glue_7        0x00000000        0x0 build/main.o
 .glue_7t       0x00000000        0x0 build/main.o
 .vfp11_veneer  0x00000000        0x0 build/main.o
 .janus_2cc_veneer
                0x00000000        0x0 build/main.o
 .v4_bx         0x00000000        0x0 build/main.o
 .bss           0x00000000        0x0 build/systemTimer.o
 .ARM.attributes
                0x00000000        0x0 build/systemTimer.o
 .glue_7        0x00000000        0x0 build/systemTimer.o
 .glue_7t       0x00000000        0x0 build/systemTimer.o
 .vfp11_veneer  0x00000000        0x0 build/systemTimer.o
 .janus_2cc_veneer
                0x00000000        0x0 build/systemTimer.o
 .v4_bx         0x00000000        0x0 build/systemTimer.o

Memory Configuration

Name             Origin             Length             Attributes
*default*        0x00000000         0xffffffff

Linker script and memory map

LOAD build/framebuffer.o
LOAD build/gpio.o
LOAD build/mailbox.o
LOAD build/main.o
LOAD build/systemTimer.o

.init           0x00008000        0x4
 *(.init)
 .init          0x00008000        0x4 build/main.o
                0x00008000                _start

.text           0x00008004      0x220
 *(.text)
 .text          0x00008004       0x60 build/framebuffer.o
                0x00008004                InitialiseFrameBuffer
 .text          0x00008064       0x98 build/gpio.o
                0x0000806c                SetGpioFunction
                0x00008064                GetGpioAddress
                0x000080bc                SetGpio
 .text          0x000080fc       0x78 build/mailbox.o
                0x00008138                MailboxRead
                0x00008104                MailboxWrite
                0x000080fc                GetMailboxBase
 .text          0x00008174       0x70 build/main.o
 .text          0x000081e4       0x40 build/systemTimer.o
                0x000081e4                GetSystemTimerBase
                0x000081fc                Wait
                0x000081ec                GetTimeStamp

.data           0x00009000     0x1000
 *(.data)
 .data          0x00009000     0x1000 build/framebuffer.o
                0x00009000                FrameBufferInfo
 .data          0x0000a000        0x0 build/gpio.o
 .data          0x0000a000        0x0 build/mailbox.o
 .data          0x0000a000        0x0 build/main.o
 .data          0x0000a000        0x0 build/systemTimer.o

/DISCARD/
 *(*)
OUTPUT(build/output.elf elf32-littlearm)
