Archive member included because of file (symbol)

./libcsud.a(device.keyboard.c.o)
                              build/keyboard.o (KeyboardGetAddress)
./libcsud.a(platform.c.o)     ./libcsud.a(device.keyboard.c.o) (MemoryAllocate)
./libcsud.a(usbd.c.o)         build/main.o (UsbInitialise)
./libcsud.a(device.hid.c.o)   ./libcsud.a(device.keyboard.c.o) (HidReadDevice)
./libcsud.a(device.hub.c.o)   ./libcsud.a(usbd.c.o) (HubPortReset)
./libcsud.a(hcd.designware20.c.o)
                              ./libcsud.a(usbd.c.o) (HcdSumbitControlMessage)
./libcsud.a(hcd.designware20.roothub.c.o)
                              ./libcsud.a(hcd.designware20.c.o) (HcdProcessRootHubMessage)
./libcsud.a(platform.armv6.c.o)
                              ./libcsud.a(hcd.designware20.c.o) (__aeabi_uidiv)
./libcsud.a(platform.broadcom2835.c.o)
                              ./libcsud.a(usbd.c.o) (MicroDelay)

Allocating common symbols
Common symbol       size              file

CorePhysical        0x4               ./libcsud.a(hcd.designware20.c.o)
DeviceNumbers       0x4               ./libcsud.a(usbd.c.o)
HostPhysical        0x4               ./libcsud.a(hcd.designware20.c.o)
keyboards           0x10              ./libcsud.a(device.keyboard.c.o)
PowerPhysical       0x4               ./libcsud.a(hcd.designware20.c.o)
Heap                0x4000            ./libcsud.a(platform.c.o)
Allocations         0xc00             ./libcsud.a(platform.c.o)

Discarded input sections

 .bss           0x00000000        0x0 build/mailbox.o
 .ARM.attributes
                0x00000000        0x0 build/mailbox.o
 .glue_7        0x00000000        0x0 build/mailbox.o
 .glue_7t       0x00000000        0x0 build/mailbox.o
 .vfp11_veneer  0x00000000        0x0 build/mailbox.o
 .janus_2cc_veneer
                0x00000000        0x0 build/mailbox.o
 .v4_bx         0x00000000        0x0 build/mailbox.o
 .bss           0x00000000        0x0 build/frameBuffer.o
 .ARM.attributes
                0x00000000        0x0 build/frameBuffer.o
 .glue_7        0x00000000        0x0 build/frameBuffer.o
 .glue_7t       0x00000000        0x0 build/frameBuffer.o
 .vfp11_veneer  0x00000000        0x0 build/frameBuffer.o
 .janus_2cc_veneer
                0x00000000        0x0 build/frameBuffer.o
 .v4_bx         0x00000000        0x0 build/frameBuffer.o
 .bss           0x00000000        0x0 build/text.o
 .ARM.attributes
                0x00000000        0x0 build/text.o
 .glue_7        0x00000000        0x0 build/text.o
 .glue_7t       0x00000000        0x0 build/text.o
 .vfp11_veneer  0x00000000        0x0 build/text.o
 .janus_2cc_veneer
                0x00000000        0x0 build/text.o
 .v4_bx         0x00000000        0x0 build/text.o
 .bss           0x00000000        0x0 build/systemTimer.o
 .ARM.attributes
                0x00000000        0x0 build/systemTimer.o
 .glue_7        0x00000000        0x0 build/systemTimer.o
 .glue_7t       0x00000000        0x0 build/systemTimer.o
 .vfp11_veneer  0x00000000        0x0 build/systemTimer.o
 .janus_2cc_veneer
                0x00000000        0x0 build/systemTimer.o
 .v4_bx         0x00000000        0x0 build/systemTimer.o
 .bss           0x00000000        0x0 build/gpioFunctions.o
 .ARM.attributes
                0x00000000        0x0 build/gpioFunctions.o
 .glue_7        0x00000000        0x0 build/gpioFunctions.o
 .glue_7t       0x00000000        0x0 build/gpioFunctions.o
 .vfp11_veneer  0x00000000        0x0 build/gpioFunctions.o
 .janus_2cc_veneer
                0x00000000        0x0 build/gpioFunctions.o
 .v4_bx         0x00000000        0x0 build/gpioFunctions.o
 .bss           0x00000000        0x0 build/drawing.o
 .ARM.attributes
                0x00000000        0x0 build/drawing.o
 .glue_7        0x00000000        0x0 build/drawing.o
 .glue_7t       0x00000000        0x0 build/drawing.o
 .vfp11_veneer  0x00000000        0x0 build/drawing.o
 .janus_2cc_veneer
                0x00000000        0x0 build/drawing.o
 .v4_bx         0x00000000        0x0 build/drawing.o
 .bss           0x00000000        0x0 build/terminal.o
 .ARM.attributes
                0x00000000        0x0 build/terminal.o
 .glue_7        0x00000000        0x0 build/terminal.o
 .glue_7t       0x00000000        0x0 build/terminal.o
 .vfp11_veneer  0x00000000        0x0 build/terminal.o
 .janus_2cc_veneer
                0x00000000        0x0 build/terminal.o
 .v4_bx         0x00000000        0x0 build/terminal.o
 .bss           0x00000000        0x0 build/gpio.o
 .ARM.attributes
                0x00000000        0x0 build/gpio.o
 .glue_7        0x00000000        0x0 build/gpio.o
 .glue_7t       0x00000000        0x0 build/gpio.o
 .vfp11_veneer  0x00000000        0x0 build/gpio.o
 .janus_2cc_veneer
                0x00000000        0x0 build/gpio.o
 .v4_bx         0x00000000        0x0 build/gpio.o
 .bss           0x00000000        0x0 build/main.o
 .ARM.attributes
                0x00000000        0x0 build/main.o
 .glue_7        0x00000000        0x0 build/main.o
 .glue_7t       0x00000000        0x0 build/main.o
 .vfp11_veneer  0x00000000        0x0 build/main.o
 .janus_2cc_veneer
                0x00000000        0x0 build/main.o
 .v4_bx         0x00000000        0x0 build/main.o
 .bss           0x00000000        0x0 build/keyboard.o
 .ARM.attributes
                0x00000000        0x0 build/keyboard.o
 .glue_7        0x00000000        0x0 build/keyboard.o
 .glue_7t       0x00000000        0x0 build/keyboard.o
 .vfp11_veneer  0x00000000        0x0 build/keyboard.o
 .janus_2cc_veneer
                0x00000000        0x0 build/keyboard.o
 .v4_bx         0x00000000        0x0 build/keyboard.o
 .bss           0x00000000        0x0 build/random.o
 .ARM.attributes
                0x00000000        0x0 build/random.o
 .glue_7        0x00000000        0x0 build/random.o
 .glue_7t       0x00000000        0x0 build/random.o
 .vfp11_veneer  0x00000000        0x0 build/random.o
 .janus_2cc_veneer
                0x00000000        0x0 build/random.o
 .v4_bx         0x00000000        0x0 build/random.o
 .bss           0x00000000        0x0 build/maths.o
 .ARM.attributes
                0x00000000        0x0 build/maths.o
 .glue_7        0x00000000        0x0 build/maths.o
 .glue_7t       0x00000000        0x0 build/maths.o
 .vfp11_veneer  0x00000000        0x0 build/maths.o
 .janus_2cc_veneer
                0x00000000        0x0 build/maths.o
 .v4_bx         0x00000000        0x0 build/maths.o
 .bss           0x00000000        0x0 build/tags.o
 .ARM.attributes
                0x00000000        0x0 build/tags.o
 .glue_7        0x00000000        0x0 build/tags.o
 .glue_7t       0x00000000        0x0 build/tags.o
 .vfp11_veneer  0x00000000        0x0 build/tags.o
 .janus_2cc_veneer
                0x00000000        0x0 build/tags.o
 .v4_bx         0x00000000        0x0 build/tags.o

Memory Configuration

Name             Origin             Length             Attributes
*default*        0x00000000         0xffffffff

Linker script and memory map

LOAD build/mailbox.o
LOAD build/frameBuffer.o
LOAD build/text.o
LOAD build/systemTimer.o
LOAD build/gpioFunctions.o
LOAD build/drawing.o
LOAD build/terminal.o
LOAD build/gpio.o
LOAD build/main.o
LOAD build/keyboard.o
LOAD build/random.o
LOAD build/maths.o
LOAD build/tags.o
LOAD ./libcsud.a

.init           0x00008000        0x4
 *(.init)
 .init          0x00008000        0x4 build/main.o
                0x00008000                _start

.data           0x00009000    0x19e1c
 *(.data)
 .data          0x00009000        0x0 build/mailbox.o
 .data          0x00009000     0x1000 build/frameBuffer.o
                0x00009000                FrameBufferInfo
 .data          0x0000a000        0x0 build/text.o
 .data          0x0000a000        0x0 build/systemTimer.o
 .data          0x0000a000        0x0 build/gpioFunctions.o
 .data          0x0000a000      0x810 build/drawing.o
 *fill*         0x0000a810       0xf0 00
 .data          0x0000a900     0xb100 build/terminal.o
 .data          0x00015a00        0x0 build/gpio.o
 .data          0x00015a00     0x1394 build/main.o
 *fill*         0x00016d94        0x4 00
 .data          0x00016d98       0xe0 build/keyboard.o
 .data          0x00016e78        0x0 build/random.o
 .data          0x00016e78        0x0 build/maths.o
 .data          0x00016e78       0x24 build/tags.o
 .data          0x00016e9c        0x0 ./libcsud.a(device.keyboard.c.o)
 .data          0x00016e9c        0x4 ./libcsud.a(platform.c.o)
                0x00016e9c                FirstAllocation
 .data          0x00016ea0        0x0 ./libcsud.a(usbd.c.o)
 .data          0x00016ea0        0x0 ./libcsud.a(device.hid.c.o)
 .data          0x00016ea0        0x0 ./libcsud.a(device.hub.c.o)
 .data          0x00016ea0        0x0 ./libcsud.a(hcd.designware20.c.o)
 .data          0x00016ea0       0x64 ./libcsud.a(hcd.designware20.roothub.c.o)
                0x00016ed0                String0
                0x00016ef8                HubDescriptor
                0x00016ea0                DeviceDescriptor
                0x00016eb4                ConfigurationDescriptor
                0x00016ed4                String1
 .data          0x00016f04        0x0 ./libcsud.a(platform.armv6.c.o)
 .data          0x00016f04        0x0 ./libcsud.a(platform.broadcom2835.c.o)
 *.c.o(*)
 .text          0x00016f04     0x1000 ./libcsud.a(device.keyboard.c.o)
                0x00017774                KeyboardSetLeds
                0x00017d6c                KeyboardGetKeyDownCount
                0x00016ff8                KeyboardIndex
                0x00017dd0                KeyboadGetKeyIsDown
                0x00017990                KeyboardGetLedSupport
                0x00016f80                KeyboardDeallocate
                0x00017764                KeyboardCount
                0x00017d20                KeyboardGetModifiers
                0x00017098                KeyboardScan
                0x00017050                KeyboardGetAddress
                0x00017e88                KeyboardGetKeyDown
                0x000179dc                KeyboardPoll
                0x00016f04                KeyboardDetached
 .bss           0x00017f04       0x14 ./libcsud.a(device.keyboard.c.o)
                0x00017f04                keyboardAddresses
                0x00017f14                keyboardCount
 .comment       0x00017f18       0x11 ./libcsud.a(device.keyboard.c.o)
                                 0x12 (size before relaxing)
 .ARM.attributes
                0x00017f29       0x32 ./libcsud.a(device.keyboard.c.o)
 *fill*         0x00017f5b        0x1 00
 COMMON         0x00017f5c       0x10 ./libcsud.a(device.keyboard.c.o)
                0x00017f5c                keyboards
 .glue_7        0x00017f6c        0x0 ./libcsud.a(device.keyboard.c.o)
 .glue_7t       0x00017f6c        0x0 ./libcsud.a(device.keyboard.c.o)
 .vfp11_veneer  0x00017f6c        0x0 ./libcsud.a(device.keyboard.c.o)
 .janus_2cc_veneer
                0x00017f6c        0x0 ./libcsud.a(device.keyboard.c.o)
 .v4_bx         0x00017f6c        0x0 ./libcsud.a(device.keyboard.c.o)
 .text          0x00017f6c      0x5c0 ./libcsud.a(platform.c.o)
                0x000184dc                MemoryCopy
                0x00017f6c                MemoryReserve
                0x000183c4                MemoryDeallocate
                0x00017f74                MemoryAllocate
 .bss           0x0001852c        0x8 ./libcsud.a(platform.c.o)
                0x0001852c                FirstFreeAllocation
                0x00018530                allocated
 .comment       0x00000000       0x12 ./libcsud.a(platform.c.o)
 .ARM.attributes
                0x00018534       0x32 ./libcsud.a(platform.c.o)
 *fill*         0x00018566        0x2 00
 COMMON         0x00018568     0x4c00 ./libcsud.a(platform.c.o)
                0x00018568                Heap
                0x0001c568                Allocations
 .glue_7        0x0001d168        0x0 ./libcsud.a(platform.c.o)
 .glue_7t       0x0001d168        0x0 ./libcsud.a(platform.c.o)
 .vfp11_veneer  0x0001d168        0x0 ./libcsud.a(platform.c.o)
 .janus_2cc_veneer
                0x0001d168        0x0 ./libcsud.a(platform.c.o)
 .v4_bx         0x0001d168        0x0 ./libcsud.a(platform.c.o)
 .text          0x0001d168     0x10e8 ./libcsud.a(usbd.c.o)
                0x0001d90c                UsbConfigure
                0x0001dd8c                UsbScanDevice
                0x0001e1d8                UsbInitialise
                0x0001d838                UsbSetConfiguration
                0x0001d244                UsbControlMessage
                0x0001d178                UsbPrintDeviceTree
                0x0001e188                UsbScanRootHub
                0x0001d758                UsbSetAddress
                0x0001d618                UsbReadDeviceDescriptor
                0x0001dfb4                UsbAllocateDevice
                0x0001e234                UsbCheckForChange
                0x0001e070                UsbDeallocateDevice
                0x0001dadc                UsbGetDescription
                0x0001d518                UsbReadString
                0x0001d494                UsbReadStringLang
                0x0001d428                UsbGetString
                0x0001d168                UsbGetRootHub
                0x0001d33c                UsbGetDescriptor
 .bss           0x0001e250        0x4 ./libcsud.a(usbd.c.o)
                0x0001e250                RootHub
 .rodata        0x0001e254      0x248 ./libcsud.a(usbd.c.o)
 .rodata.str1.4
                0x0001e49c       0x10 ./libcsud.a(usbd.c.o)
 .comment       0x00000000       0x12 ./libcsud.a(usbd.c.o)
 .ARM.attributes
                0x0001e4ac       0x32 ./libcsud.a(usbd.c.o)
 *fill*         0x0001e4de        0x2 00
 COMMON         0x0001e4e0        0x4 ./libcsud.a(usbd.c.o)
                0x0001e4e0                DeviceNumbers
 .glue_7        0x0001e4e4        0x0 ./libcsud.a(usbd.c.o)
 .glue_7t       0x0001e4e4        0x0 ./libcsud.a(usbd.c.o)
 .vfp11_veneer  0x0001e4e4        0x0 ./libcsud.a(usbd.c.o)
 .janus_2cc_veneer
                0x0001e4e4        0x0 ./libcsud.a(usbd.c.o)
 .v4_bx         0x0001e4e4        0x0 ./libcsud.a(usbd.c.o)
 .text          0x0001e4e4     0x1b24 ./libcsud.a(device.hid.c.o)
                0x0001f118                HidSetReport
                0x0001efa4                HidEnumerateActionCountReport
                0x0001e4e4                HidEnumerateActionCountField
                0x0001f05c                HidGetReport
                0x0001f880                HidEnumerateReport
                0x0001f9d8                HidParseReportDescriptor
                0x0001f7d0                HidSetProtocol
                0x0001f3fc                BitGetSigned
                0x0001f2f4                BitGetUnsigned
                0x0001e648                HidEnumerateActionAddField
                0x0001f428                HidReadDevice
                0x0001e60c                HidDetached
                0x0001f1c8                BitSet
                0x0001f624                HidWriteDevice
                0x0001fd08                HidScan
                0x0001fff8                HidGetFieldValue
                0x0001ee50                HidDeallocate
 .bss           0x00020008        0x0 ./libcsud.a(device.hid.c.o)
 .comment       0x00000000       0x12 ./libcsud.a(device.hid.c.o)
 .ARM.attributes
                0x00020008       0x32 ./libcsud.a(device.hid.c.o)
 *fill*         0x0002003a        0x2 00
 .glue_7        0x0002003c        0x0 ./libcsud.a(device.hid.c.o)
 .glue_7t       0x0002003c        0x0 ./libcsud.a(device.hid.c.o)
 .vfp11_veneer  0x0002003c        0x0 ./libcsud.a(device.hid.c.o)
 .janus_2cc_veneer
                0x0002003c        0x0 ./libcsud.a(device.hid.c.o)
 .v4_bx         0x0002003c        0x0 ./libcsud.a(device.hid.c.o)
 .text          0x0002003c      0xd34 ./libcsud.a(device.hub.c.o)
                0x000202b0                HubGetStatus
                0x00020468                HubChangeFeature
                0x0002003c                HubDetached
                0x0002095c                HubCheckConnection
                0x00020b58                HubScan
                0x00020a90                HubRecursiveCheck
                0x000205d8                HubPowerOn
                0x000200dc                HubDeallocate
                0x0002051c                HubChangePortFeature
                0x00020680                HubPortReset
                0x00020754                HubPortConnectionChanged
                0x00020388                HubPortGetStatus
                0x000201b8                HubReadDescriptor
 .bss           0x00020d70        0x0 ./libcsud.a(device.hub.c.o)
 .comment       0x00000000       0x12 ./libcsud.a(device.hub.c.o)
 .ARM.attributes
                0x00020d70       0x32 ./libcsud.a(device.hub.c.o)
 *fill*         0x00020da2        0x2 00
 .glue_7        0x00020da4        0x0 ./libcsud.a(device.hub.c.o)
 .glue_7t       0x00020da4        0x0 ./libcsud.a(device.hub.c.o)
 .vfp11_veneer  0x00020da4        0x0 ./libcsud.a(device.hub.c.o)
 .janus_2cc_veneer
                0x00020da4        0x0 ./libcsud.a(device.hub.c.o)
 .v4_bx         0x00020da4        0x0 ./libcsud.a(device.hub.c.o)
 .text          0x00020da4     0x160c ./libcsud.a(hcd.designware20.c.o)
                0x00020f4c                SetReg
                0x00020da4                WriteThroughRegMask
                0x000214bc                HcdTransmitChannel
                0x00021a18                HcdSumbitControlMessage
                0x00021098                HcdTransmitFifoFlush
                0x00020e38                WriteThroughReg
                0x00022350                HcdStop
                0x00021644                HcdChannelSendWaitOne
                0x0002112c                HcdReceiveFifoFlush
                0x00021c60                HcdInitialise
                0x00022374                HcdDeinitialise
                0x00020fe8                HcdReset
                0x00020ee4                ClearReg
                0x000211a4                HcdPrepareChannel
                0x00021568                HcdChannelInterruptToError
                0x00020e40                ReadBackReg
                0x00021df4                HcdStart
                0x00021900                HcdChannelSendWait
 .bss           0x000223b0       0x14 ./libcsud.a(hcd.designware20.c.o)
                0x000223b4                Host
                0x000223b0                Core
                0x000223b8                Power
                0x000223bc                databuffer
                0x000223c0                PhyInitialised
 .comment       0x00000000       0x12 ./libcsud.a(hcd.designware20.c.o)
 .ARM.attributes
                0x000223c4       0x32 ./libcsud.a(hcd.designware20.c.o)
 *fill*         0x000223f6        0x2 00
 COMMON         0x000223f8        0xc ./libcsud.a(hcd.designware20.c.o)
                0x000223f8                CorePhysical
                0x000223fc                HostPhysical
                0x00022400                PowerPhysical
 .glue_7        0x00022404        0x0 ./libcsud.a(hcd.designware20.c.o)
 .glue_7t       0x00022404        0x0 ./libcsud.a(hcd.designware20.c.o)
 .vfp11_veneer  0x00022404        0x0 ./libcsud.a(hcd.designware20.c.o)
 .janus_2cc_veneer
                0x00022404        0x0 ./libcsud.a(hcd.designware20.c.o)
 .v4_bx         0x00022404        0x0 ./libcsud.a(hcd.designware20.c.o)
 .text          0x00022404      0x6f0 ./libcsud.a(hcd.designware20.roothub.c.o)
                0x00022404                HcdProcessRootHubMessage
 .bss           0x00022af4        0x4 ./libcsud.a(hcd.designware20.roothub.c.o)
                0x00022af4                RootHubDeviceNumber
 .comment       0x00000000       0x12 ./libcsud.a(hcd.designware20.roothub.c.o)
 .ARM.attributes
                0x00022af8       0x32 ./libcsud.a(hcd.designware20.roothub.c.o)
 *fill*         0x00022b2a        0x2 00
 .glue_7        0x00022b2c        0x0 ./libcsud.a(hcd.designware20.roothub.c.o)
 .glue_7t       0x00022b2c        0x0 ./libcsud.a(hcd.designware20.roothub.c.o)
 .vfp11_veneer  0x00022b2c        0x0 ./libcsud.a(hcd.designware20.roothub.c.o)
 .janus_2cc_veneer
                0x00022b2c        0x0 ./libcsud.a(hcd.designware20.roothub.c.o)
 .v4_bx         0x00022b2c        0x0 ./libcsud.a(hcd.designware20.roothub.c.o)
 .text          0x00022b2c      0x16c ./libcsud.a(platform.armv6.c.o)
                0x00022c60                __aeabi_uidiv
                0x00022b2c                __aeabi_uidivmod
 .bss           0x00022c98        0x0 ./libcsud.a(platform.armv6.c.o)
 .comment       0x00000000       0x12 ./libcsud.a(platform.armv6.c.o)
 .ARM.attributes
                0x00022c98       0x32 ./libcsud.a(platform.armv6.c.o)
 *fill*         0x00022cca        0x2 00
 .glue_7        0x00022ccc        0x0 ./libcsud.a(platform.armv6.c.o)
 .glue_7t       0x00022ccc        0x0 ./libcsud.a(platform.armv6.c.o)
 .vfp11_veneer  0x00022ccc        0x0 ./libcsud.a(platform.armv6.c.o)
 .janus_2cc_veneer
                0x00022ccc        0x0 ./libcsud.a(platform.armv6.c.o)
 .v4_bx         0x00022ccc        0x0 ./libcsud.a(platform.armv6.c.o)
 .text          0x00022ccc      0x11c ./libcsud.a(platform.broadcom2835.c.o)
                0x00022ccc                MicroDelay
                0x00022d3c                PowerOnUsb
 .bss           0x00022de8        0x0 ./libcsud.a(platform.broadcom2835.c.o)
 .comment       0x00000000       0x12 ./libcsud.a(platform.broadcom2835.c.o)
 .ARM.attributes
                0x00022de8       0x32 ./libcsud.a(platform.broadcom2835.c.o)
 *fill*         0x00022e1a        0x2 00
 .glue_7        0x00022e1c        0x0 ./libcsud.a(platform.broadcom2835.c.o)
 .glue_7t       0x00022e1c        0x0 ./libcsud.a(platform.broadcom2835.c.o)
 .vfp11_veneer  0x00022e1c        0x0 ./libcsud.a(platform.broadcom2835.c.o)
 .janus_2cc_veneer
                0x00022e1c        0x0 ./libcsud.a(platform.broadcom2835.c.o)
 .v4_bx         0x00022e1c        0x0 ./libcsud.a(platform.broadcom2835.c.o)

.text           0x00022e1c     0x1f00
 *.c.o(.text)
 *(.text)
 .text          0x00022e1c       0x6c build/mailbox.o
                0x00022e24                MailboxRead
                0x00022e58                MailboxWrite
                0x00022e1c                GetMailboxBase
 .text          0x00022e88       0x60 build/frameBuffer.o
                0x00022e88                InitialiseFrameBuffer
 .text          0x00022ee8      0x1f4 build/text.o
                0x00022f90                FormatString
                0x00022f64                SignedString
                0x00022ee8                ReverseString
                0x00022f14                UnsignedString
 .text          0x000230dc       0x40 build/systemTimer.o
                0x000230dc                GetSystemTimerBase
                0x000230f4                Wait
                0x000230e4                GetTimeStamp
 .text          0x0002311c     0x12e8 build/gpioFunctions.o
                0x00023ccc                gpio33
                0x00023d7c                gpio35
                0x000237fc                gpio19
                0x00023224                gpio2
                0x00023c74                gpio32
                0x00023e84                gpio38
                0x0002332c                gpio5
                0x000231cc                gpio1
                0x00023f8c                gpio41
                0x00023abc                gpio27
                0x0002353c                gpio11
                0x000242a4                gpio50
                0x000235ec                gpio13
                0x000234e4                gpio10
                0x00023b14                gpio28
                0x0002403c                gpio43
                0x000241f4                gpio48
                0x00023174                gpio0
                0x00023f34                gpio40
                0x000238ac                gpio21
                0x000237a4                gpio18
                0x00023d24                gpio34
                0x00023c1c                gpio31
                0x000233dc                gpio7
                0x000239b4                gpio24
                0x00023a64                gpio26
                0x000240ec                gpio45
                0x00023fe4                gpio42
                0x00024354                gpio52
                0x0002369c                gpio15
                0x00023594                gpio12
                0x0002348c                gpio9
                0x0002419c                gpio47
                0x0002395c                gpio23
                0x00023b6c                gpio29
                0x00023e2c                gpio37
                0x0002374c                gpio17
                0x00023dd4                gpio36
                0x00023bc4                gpio30
                0x0002311c                ok
                0x0002424c                gpio49
                0x00023a0c                gpio25
                0x00024144                gpio46
                0x00023434                gpio8
                0x0002327c                gpio3
                0x00023edc                gpio39
                0x000242fc                gpio51
                0x00023644                gpio14
                0x000243ac                gpio53
                0x000236f4                gpio16
                0x00023854                gpio20
                0x00024094                gpio44
                0x00023384                gpio6
                0x000232d4                gpio4
                0x00023904                gpio22
 .text          0x00024404      0x1d4 build/drawing.o
                0x0002441c                SetGraphicsAddress
                0x00024428                DrawPixel
                0x000244ec                DrawCharacter
                0x00024558                DrawString
                0x00024404                SetForeColour
                0x00024470                DrawLine
 .text          0x000245d8      0x308 build/terminal.o
                0x000246d0                Print
                0x00024610                TerminalDisplay
                0x000247e4                ReadLine
                0x000246b8                TerminalClear
 .text          0x000248e0       0x98 build/gpio.o
                0x000248e8                SetGpioFunction
                0x000248e0                GetGpioAddress
                0x00024938                SetGpio
 .text          0x00024978      0x18c build/main.o
 .text          0x00024b04      0x144 build/keyboard.o
                0x00024b04                KeyboardUpdate
                0x00024bb8                KeyboardGetChar
                0x00024b88                KeyWasDown
 .text          0x00024c48       0x18 build/random.o
                0x00024c48                Random
 .text          0x00024c60       0x48 build/maths.o
                0x00024c60                DivideU32
 .text          0x00024ca8       0x74 build/tags.o
                0x00024ca8                FindTag

/DISCARD/
 *(*)
OUTPUT(build/output.elf elf32-littlearm)
