Archive member included because of file (symbol)

./libcsud.a(device.keyboard.c.o)
                              build/keyboard.o (KeyboardGetAddress)
./libcsud.a(platform.c.o)     ./libcsud.a(device.keyboard.c.o) (MemoryAllocate)
./libcsud.a(usbd.c.o)         build/main.o (UsbInitialise)
./libcsud.a(device.hid.c.o)   ./libcsud.a(device.keyboard.c.o) (HidReadDevice)
./libcsud.a(device.hub.c.o)   ./libcsud.a(usbd.c.o) (HubPortReset)
./libcsud.a(hcd.designware20.c.o)
                              ./libcsud.a(usbd.c.o) (HcdSumbitControlMessage)
./libcsud.a(hcd.designware20.roothub.c.o)
                              ./libcsud.a(hcd.designware20.c.o) (HcdProcessRootHubMessage)
./libcsud.a(platform.armv6.c.o)
                              ./libcsud.a(hcd.designware20.c.o) (__aeabi_uidiv)
./libcsud.a(platform.broadcom2835.c.o)
                              ./libcsud.a(usbd.c.o) (MicroDelay)

Allocating common symbols
Common symbol       size              file

CorePhysical        0x4               ./libcsud.a(hcd.designware20.c.o)
DeviceNumbers       0x4               ./libcsud.a(usbd.c.o)
HostPhysical        0x4               ./libcsud.a(hcd.designware20.c.o)
keyboards           0x10              ./libcsud.a(device.keyboard.c.o)
PowerPhysical       0x4               ./libcsud.a(hcd.designware20.c.o)
Heap                0x4000            ./libcsud.a(platform.c.o)
Allocations         0xc00             ./libcsud.a(platform.c.o)

Discarded input sections

 .bss           0x00000000        0x0 build/drawing.o
 .ARM.attributes
                0x00000000        0x0 build/drawing.o
 .glue_7        0x00000000        0x0 build/drawing.o
 .glue_7t       0x00000000        0x0 build/drawing.o
 .vfp11_veneer  0x00000000        0x0 build/drawing.o
 .janus_2cc_veneer
                0x00000000        0x0 build/drawing.o
 .v4_bx         0x00000000        0x0 build/drawing.o
 .bss           0x00000000        0x0 build/frameBuffer.o
 .ARM.attributes
                0x00000000        0x0 build/frameBuffer.o
 .glue_7        0x00000000        0x0 build/frameBuffer.o
 .glue_7t       0x00000000        0x0 build/frameBuffer.o
 .vfp11_veneer  0x00000000        0x0 build/frameBuffer.o
 .janus_2cc_veneer
                0x00000000        0x0 build/frameBuffer.o
 .v4_bx         0x00000000        0x0 build/frameBuffer.o
 .bss           0x00000000        0x0 build/gpio.o
 .ARM.attributes
                0x00000000        0x0 build/gpio.o
 .glue_7        0x00000000        0x0 build/gpio.o
 .glue_7t       0x00000000        0x0 build/gpio.o
 .vfp11_veneer  0x00000000        0x0 build/gpio.o
 .janus_2cc_veneer
                0x00000000        0x0 build/gpio.o
 .v4_bx         0x00000000        0x0 build/gpio.o
 .bss           0x00000000        0x0 build/keyboard.o
 .ARM.attributes
                0x00000000        0x0 build/keyboard.o
 .glue_7        0x00000000        0x0 build/keyboard.o
 .glue_7t       0x00000000        0x0 build/keyboard.o
 .vfp11_veneer  0x00000000        0x0 build/keyboard.o
 .janus_2cc_veneer
                0x00000000        0x0 build/keyboard.o
 .v4_bx         0x00000000        0x0 build/keyboard.o
 .bss           0x00000000        0x0 build/mailbox.o
 .ARM.attributes
                0x00000000        0x0 build/mailbox.o
 .glue_7        0x00000000        0x0 build/mailbox.o
 .glue_7t       0x00000000        0x0 build/mailbox.o
 .vfp11_veneer  0x00000000        0x0 build/mailbox.o
 .janus_2cc_veneer
                0x00000000        0x0 build/mailbox.o
 .v4_bx         0x00000000        0x0 build/mailbox.o
 .bss           0x00000000        0x0 build/main.o
 .ARM.attributes
                0x00000000        0x0 build/main.o
 .glue_7        0x00000000        0x0 build/main.o
 .glue_7t       0x00000000        0x0 build/main.o
 .vfp11_veneer  0x00000000        0x0 build/main.o
 .janus_2cc_veneer
                0x00000000        0x0 build/main.o
 .v4_bx         0x00000000        0x0 build/main.o
 .bss           0x00000000        0x0 build/maths.o
 .ARM.attributes
                0x00000000        0x0 build/maths.o
 .glue_7        0x00000000        0x0 build/maths.o
 .glue_7t       0x00000000        0x0 build/maths.o
 .vfp11_veneer  0x00000000        0x0 build/maths.o
 .janus_2cc_veneer
                0x00000000        0x0 build/maths.o
 .v4_bx         0x00000000        0x0 build/maths.o
 .bss           0x00000000        0x0 build/random.o
 .ARM.attributes
                0x00000000        0x0 build/random.o
 .glue_7        0x00000000        0x0 build/random.o
 .glue_7t       0x00000000        0x0 build/random.o
 .vfp11_veneer  0x00000000        0x0 build/random.o
 .janus_2cc_veneer
                0x00000000        0x0 build/random.o
 .v4_bx         0x00000000        0x0 build/random.o
 .bss           0x00000000        0x0 build/systemTimer.o
 .ARM.attributes
                0x00000000        0x0 build/systemTimer.o
 .glue_7        0x00000000        0x0 build/systemTimer.o
 .glue_7t       0x00000000        0x0 build/systemTimer.o
 .vfp11_veneer  0x00000000        0x0 build/systemTimer.o
 .janus_2cc_veneer
                0x00000000        0x0 build/systemTimer.o
 .v4_bx         0x00000000        0x0 build/systemTimer.o
 .bss           0x00000000        0x0 build/tags.o
 .ARM.attributes
                0x00000000        0x0 build/tags.o
 .glue_7        0x00000000        0x0 build/tags.o
 .glue_7t       0x00000000        0x0 build/tags.o
 .vfp11_veneer  0x00000000        0x0 build/tags.o
 .janus_2cc_veneer
                0x00000000        0x0 build/tags.o
 .v4_bx         0x00000000        0x0 build/tags.o
 .bss           0x00000000        0x0 build/terminal.o
 .ARM.attributes
                0x00000000        0x0 build/terminal.o
 .glue_7        0x00000000        0x0 build/terminal.o
 .glue_7t       0x00000000        0x0 build/terminal.o
 .vfp11_veneer  0x00000000        0x0 build/terminal.o
 .janus_2cc_veneer
                0x00000000        0x0 build/terminal.o
 .v4_bx         0x00000000        0x0 build/terminal.o
 .bss           0x00000000        0x0 build/text.o
 .ARM.attributes
                0x00000000        0x0 build/text.o
 .glue_7        0x00000000        0x0 build/text.o
 .glue_7t       0x00000000        0x0 build/text.o
 .vfp11_veneer  0x00000000        0x0 build/text.o
 .janus_2cc_veneer
                0x00000000        0x0 build/text.o
 .v4_bx         0x00000000        0x0 build/text.o

Memory Configuration

Name             Origin             Length             Attributes
*default*        0x00000000         0xffffffff

Linker script and memory map

LOAD build/drawing.o
LOAD build/frameBuffer.o
LOAD build/gpio.o
LOAD build/keyboard.o
LOAD build/mailbox.o
LOAD build/main.o
LOAD build/maths.o
LOAD build/random.o
LOAD build/systemTimer.o
LOAD build/tags.o
LOAD build/terminal.o
LOAD build/text.o
LOAD ./libcsud.a

.init           0x00008000        0x4
 *(.init)
 .init          0x00008000        0x4 build/main.o
                0x00008000                _start

.data           0x00009000    0x1a384
 *(.data)
 .data          0x00009000      0x810 build/drawing.o
 *fill*         0x00009810      0x7f0 00
 .data          0x0000a000     0x1000 build/frameBuffer.o
                0x0000a000                FrameBufferInfo
 .data          0x0000b000        0x0 build/gpio.o
 .data          0x0000b000       0xe0 build/keyboard.o
 .data          0x0000b0e0        0x0 build/mailbox.o
 .data          0x0000b0e0      0xa68 build/main.o
 .data          0x0000bb48        0x0 build/maths.o
 .data          0x0000bb48        0x0 build/random.o
 .data          0x0000bb48        0x0 build/systemTimer.o
 .data          0x0000bb48       0x24 build/tags.o
 *fill*         0x0000bb6c       0x94 00
 .data          0x0000bc00     0xb800 build/terminal.o
 .data          0x00017400        0x0 build/text.o
 .data          0x00017400        0x0 ./libcsud.a(device.keyboard.c.o)
 .data          0x00017400        0x4 ./libcsud.a(platform.c.o)
                0x00017400                FirstAllocation
 .data          0x00017404        0x0 ./libcsud.a(usbd.c.o)
 .data          0x00017404        0x0 ./libcsud.a(device.hid.c.o)
 .data          0x00017404        0x0 ./libcsud.a(device.hub.c.o)
 .data          0x00017404        0x0 ./libcsud.a(hcd.designware20.c.o)
 .data          0x00017404       0x64 ./libcsud.a(hcd.designware20.roothub.c.o)
                0x00017434                String0
                0x0001745c                HubDescriptor
                0x00017404                DeviceDescriptor
                0x00017418                ConfigurationDescriptor
                0x00017438                String1
 .data          0x00017468        0x0 ./libcsud.a(platform.armv6.c.o)
 .data          0x00017468        0x0 ./libcsud.a(platform.broadcom2835.c.o)
 *.c.o(*)
 .text          0x00017468     0x1000 ./libcsud.a(device.keyboard.c.o)
                0x00017cd8                KeyboardSetLeds
                0x000182d0                KeyboardGetKeyDownCount
                0x0001755c                KeyboardIndex
                0x00018334                KeyboadGetKeyIsDown
                0x00017ef4                KeyboardGetLedSupport
                0x000174e4                KeyboardDeallocate
                0x00017cc8                KeyboardCount
                0x00018284                KeyboardGetModifiers
                0x000175fc                KeyboardScan
                0x000175b4                KeyboardGetAddress
                0x000183ec                KeyboardGetKeyDown
                0x00017f40                KeyboardPoll
                0x00017468                KeyboardDetached
 .bss           0x00018468       0x14 ./libcsud.a(device.keyboard.c.o)
                0x00018468                keyboardAddresses
                0x00018478                keyboardCount
 .comment       0x0001847c       0x11 ./libcsud.a(device.keyboard.c.o)
                                 0x12 (size before relaxing)
 .ARM.attributes
                0x0001848d       0x32 ./libcsud.a(device.keyboard.c.o)
 *fill*         0x000184bf        0x1 00
 COMMON         0x000184c0       0x10 ./libcsud.a(device.keyboard.c.o)
                0x000184c0                keyboards
 .glue_7        0x000184d0        0x0 ./libcsud.a(device.keyboard.c.o)
 .glue_7t       0x000184d0        0x0 ./libcsud.a(device.keyboard.c.o)
 .vfp11_veneer  0x000184d0        0x0 ./libcsud.a(device.keyboard.c.o)
 .janus_2cc_veneer
                0x000184d0        0x0 ./libcsud.a(device.keyboard.c.o)
 .v4_bx         0x000184d0        0x0 ./libcsud.a(device.keyboard.c.o)
 .text          0x000184d0      0x5c0 ./libcsud.a(platform.c.o)
                0x00018a40                MemoryCopy
                0x000184d0                MemoryReserve
                0x00018928                MemoryDeallocate
                0x000184d8                MemoryAllocate
 .bss           0x00018a90        0x8 ./libcsud.a(platform.c.o)
                0x00018a90                FirstFreeAllocation
                0x00018a94                allocated
 .comment       0x00000000       0x12 ./libcsud.a(platform.c.o)
 .ARM.attributes
                0x00018a98       0x32 ./libcsud.a(platform.c.o)
 *fill*         0x00018aca        0x6 00
 COMMON         0x00018ad0     0x4c00 ./libcsud.a(platform.c.o)
                0x00018ad0                Heap
                0x0001cad0                Allocations
 .glue_7        0x0001d6d0        0x0 ./libcsud.a(platform.c.o)
 .glue_7t       0x0001d6d0        0x0 ./libcsud.a(platform.c.o)
 .vfp11_veneer  0x0001d6d0        0x0 ./libcsud.a(platform.c.o)
 .janus_2cc_veneer
                0x0001d6d0        0x0 ./libcsud.a(platform.c.o)
 .v4_bx         0x0001d6d0        0x0 ./libcsud.a(platform.c.o)
 .text          0x0001d6d0     0x10e8 ./libcsud.a(usbd.c.o)
                0x0001de74                UsbConfigure
                0x0001e2f4                UsbScanDevice
                0x0001e740                UsbInitialise
                0x0001dda0                UsbSetConfiguration
                0x0001d7ac                UsbControlMessage
                0x0001d6e0                UsbPrintDeviceTree
                0x0001e6f0                UsbScanRootHub
                0x0001dcc0                UsbSetAddress
                0x0001db80                UsbReadDeviceDescriptor
                0x0001e51c                UsbAllocateDevice
                0x0001e79c                UsbCheckForChange
                0x0001e5d8                UsbDeallocateDevice
                0x0001e044                UsbGetDescription
                0x0001da80                UsbReadString
                0x0001d9fc                UsbReadStringLang
                0x0001d990                UsbGetString
                0x0001d6d0                UsbGetRootHub
                0x0001d8a4                UsbGetDescriptor
 .bss           0x0001e7b8        0x4 ./libcsud.a(usbd.c.o)
                0x0001e7b8                RootHub
 .rodata        0x0001e7bc      0x248 ./libcsud.a(usbd.c.o)
 .rodata.str1.4
                0x0001ea04       0x10 ./libcsud.a(usbd.c.o)
 .comment       0x00000000       0x12 ./libcsud.a(usbd.c.o)
 .ARM.attributes
                0x0001ea14       0x32 ./libcsud.a(usbd.c.o)
 *fill*         0x0001ea46        0x2 00
 COMMON         0x0001ea48        0x4 ./libcsud.a(usbd.c.o)
                0x0001ea48                DeviceNumbers
 .glue_7        0x0001ea4c        0x0 ./libcsud.a(usbd.c.o)
 .glue_7t       0x0001ea4c        0x0 ./libcsud.a(usbd.c.o)
 .vfp11_veneer  0x0001ea4c        0x0 ./libcsud.a(usbd.c.o)
 .janus_2cc_veneer
                0x0001ea4c        0x0 ./libcsud.a(usbd.c.o)
 .v4_bx         0x0001ea4c        0x0 ./libcsud.a(usbd.c.o)
 .text          0x0001ea4c     0x1b24 ./libcsud.a(device.hid.c.o)
                0x0001f680                HidSetReport
                0x0001f50c                HidEnumerateActionCountReport
                0x0001ea4c                HidEnumerateActionCountField
                0x0001f5c4                HidGetReport
                0x0001fde8                HidEnumerateReport
                0x0001ff40                HidParseReportDescriptor
                0x0001fd38                HidSetProtocol
                0x0001f964                BitGetSigned
                0x0001f85c                BitGetUnsigned
                0x0001ebb0                HidEnumerateActionAddField
                0x0001f990                HidReadDevice
                0x0001eb74                HidDetached
                0x0001f730                BitSet
                0x0001fb8c                HidWriteDevice
                0x00020270                HidScan
                0x00020560                HidGetFieldValue
                0x0001f3b8                HidDeallocate
 .bss           0x00020570        0x0 ./libcsud.a(device.hid.c.o)
 .comment       0x00000000       0x12 ./libcsud.a(device.hid.c.o)
 .ARM.attributes
                0x00020570       0x32 ./libcsud.a(device.hid.c.o)
 *fill*         0x000205a2        0x2 00
 .glue_7        0x000205a4        0x0 ./libcsud.a(device.hid.c.o)
 .glue_7t       0x000205a4        0x0 ./libcsud.a(device.hid.c.o)
 .vfp11_veneer  0x000205a4        0x0 ./libcsud.a(device.hid.c.o)
 .janus_2cc_veneer
                0x000205a4        0x0 ./libcsud.a(device.hid.c.o)
 .v4_bx         0x000205a4        0x0 ./libcsud.a(device.hid.c.o)
 .text          0x000205a4      0xd34 ./libcsud.a(device.hub.c.o)
                0x00020818                HubGetStatus
                0x000209d0                HubChangeFeature
                0x000205a4                HubDetached
                0x00020ec4                HubCheckConnection
                0x000210c0                HubScan
                0x00020ff8                HubRecursiveCheck
                0x00020b40                HubPowerOn
                0x00020644                HubDeallocate
                0x00020a84                HubChangePortFeature
                0x00020be8                HubPortReset
                0x00020cbc                HubPortConnectionChanged
                0x000208f0                HubPortGetStatus
                0x00020720                HubReadDescriptor
 .bss           0x000212d8        0x0 ./libcsud.a(device.hub.c.o)
 .comment       0x00000000       0x12 ./libcsud.a(device.hub.c.o)
 .ARM.attributes
                0x000212d8       0x32 ./libcsud.a(device.hub.c.o)
 *fill*         0x0002130a        0x2 00
 .glue_7        0x0002130c        0x0 ./libcsud.a(device.hub.c.o)
 .glue_7t       0x0002130c        0x0 ./libcsud.a(device.hub.c.o)
 .vfp11_veneer  0x0002130c        0x0 ./libcsud.a(device.hub.c.o)
 .janus_2cc_veneer
                0x0002130c        0x0 ./libcsud.a(device.hub.c.o)
 .v4_bx         0x0002130c        0x0 ./libcsud.a(device.hub.c.o)
 .text          0x0002130c     0x160c ./libcsud.a(hcd.designware20.c.o)
                0x000214b4                SetReg
                0x0002130c                WriteThroughRegMask
                0x00021a24                HcdTransmitChannel
                0x00021f80                HcdSumbitControlMessage
                0x00021600                HcdTransmitFifoFlush
                0x000213a0                WriteThroughReg
                0x000228b8                HcdStop
                0x00021bac                HcdChannelSendWaitOne
                0x00021694                HcdReceiveFifoFlush
                0x000221c8                HcdInitialise
                0x000228dc                HcdDeinitialise
                0x00021550                HcdReset
                0x0002144c                ClearReg
                0x0002170c                HcdPrepareChannel
                0x00021ad0                HcdChannelInterruptToError
                0x000213a8                ReadBackReg
                0x0002235c                HcdStart
                0x00021e68                HcdChannelSendWait
 .bss           0x00022918       0x14 ./libcsud.a(hcd.designware20.c.o)
                0x0002291c                Host
                0x00022918                Core
                0x00022920                Power
                0x00022924                databuffer
                0x00022928                PhyInitialised
 .comment       0x00000000       0x12 ./libcsud.a(hcd.designware20.c.o)
 .ARM.attributes
                0x0002292c       0x32 ./libcsud.a(hcd.designware20.c.o)
 *fill*         0x0002295e        0x2 00
 COMMON         0x00022960        0xc ./libcsud.a(hcd.designware20.c.o)
                0x00022960                CorePhysical
                0x00022964                HostPhysical
                0x00022968                PowerPhysical
 .glue_7        0x0002296c        0x0 ./libcsud.a(hcd.designware20.c.o)
 .glue_7t       0x0002296c        0x0 ./libcsud.a(hcd.designware20.c.o)
 .vfp11_veneer  0x0002296c        0x0 ./libcsud.a(hcd.designware20.c.o)
 .janus_2cc_veneer
                0x0002296c        0x0 ./libcsud.a(hcd.designware20.c.o)
 .v4_bx         0x0002296c        0x0 ./libcsud.a(hcd.designware20.c.o)
 .text          0x0002296c      0x6f0 ./libcsud.a(hcd.designware20.roothub.c.o)
                0x0002296c                HcdProcessRootHubMessage
 .bss           0x0002305c        0x4 ./libcsud.a(hcd.designware20.roothub.c.o)
                0x0002305c                RootHubDeviceNumber
 .comment       0x00000000       0x12 ./libcsud.a(hcd.designware20.roothub.c.o)
 .ARM.attributes
                0x00023060       0x32 ./libcsud.a(hcd.designware20.roothub.c.o)
 *fill*         0x00023092        0x2 00
 .glue_7        0x00023094        0x0 ./libcsud.a(hcd.designware20.roothub.c.o)
 .glue_7t       0x00023094        0x0 ./libcsud.a(hcd.designware20.roothub.c.o)
 .vfp11_veneer  0x00023094        0x0 ./libcsud.a(hcd.designware20.roothub.c.o)
 .janus_2cc_veneer
                0x00023094        0x0 ./libcsud.a(hcd.designware20.roothub.c.o)
 .v4_bx         0x00023094        0x0 ./libcsud.a(hcd.designware20.roothub.c.o)
 .text          0x00023094      0x16c ./libcsud.a(platform.armv6.c.o)
                0x000231c8                __aeabi_uidiv
                0x00023094                __aeabi_uidivmod
 .bss           0x00023200        0x0 ./libcsud.a(platform.armv6.c.o)
 .comment       0x00000000       0x12 ./libcsud.a(platform.armv6.c.o)
 .ARM.attributes
                0x00023200       0x32 ./libcsud.a(platform.armv6.c.o)
 *fill*         0x00023232        0x2 00
 .glue_7        0x00023234        0x0 ./libcsud.a(platform.armv6.c.o)
 .glue_7t       0x00023234        0x0 ./libcsud.a(platform.armv6.c.o)
 .vfp11_veneer  0x00023234        0x0 ./libcsud.a(platform.armv6.c.o)
 .janus_2cc_veneer
                0x00023234        0x0 ./libcsud.a(platform.armv6.c.o)
 .v4_bx         0x00023234        0x0 ./libcsud.a(platform.armv6.c.o)
 .text          0x00023234      0x11c ./libcsud.a(platform.broadcom2835.c.o)
                0x00023234                MicroDelay
                0x000232a4                PowerOnUsb
 .bss           0x00023350        0x0 ./libcsud.a(platform.broadcom2835.c.o)
 .comment       0x00000000       0x12 ./libcsud.a(platform.broadcom2835.c.o)
 .ARM.attributes
                0x00023350       0x32 ./libcsud.a(platform.broadcom2835.c.o)
 *fill*         0x00023382        0x2 00
 .glue_7        0x00023384        0x0 ./libcsud.a(platform.broadcom2835.c.o)
 .glue_7t       0x00023384        0x0 ./libcsud.a(platform.broadcom2835.c.o)
 .vfp11_veneer  0x00023384        0x0 ./libcsud.a(platform.broadcom2835.c.o)
 .janus_2cc_veneer
                0x00023384        0x0 ./libcsud.a(platform.broadcom2835.c.o)
 .v4_bx         0x00023384        0x0 ./libcsud.a(platform.broadcom2835.c.o)

.text           0x00023384     0x1048
 *.c.o(.text)
 *(.text)
 .text          0x00023384      0x1d4 build/drawing.o
                0x0002339c                SetGraphicsAddress
                0x000233a8                DrawPixel
                0x0002346c                DrawCharacter
                0x000234d8                DrawString
                0x00023384                SetForeColour
                0x000233f0                DrawLine
 .text          0x00023558       0x60 build/frameBuffer.o
                0x00023558                InitialiseFrameBuffer
 .text          0x000235b8       0x98 build/gpio.o
                0x000235c0                SetGpioFunction
                0x000235b8                GetGpioAddress
                0x00023610                SetGpio
 .text          0x00023650      0x144 build/keyboard.o
                0x00023650                KeyboardUpdate
                0x00023704                KeyboardGetChar
                0x000236d4                KeyWasDown
 .text          0x00023794       0x6c build/mailbox.o
                0x0002379c                MailboxRead
                0x000237d0                MailboxWrite
                0x00023794                GetMailboxBase
 .text          0x00023800      0x494 build/main.o
 .text          0x00023c94       0x48 build/maths.o
                0x00023c94                DivideU32
 .text          0x00023cdc       0x18 build/random.o
                0x00023cdc                Random
 .text          0x00023cf4       0x40 build/systemTimer.o
                0x00023cf4                GetSystemTimerBase
                0x00023d0c                Wait
                0x00023cfc                GetTimeStamp
 .text          0x00023d34       0x74 build/tags.o
                0x00023d34                FindTag
 .text          0x00023da8      0x430 build/terminal.o
                0x00023ea0                Print
                0x00023de0                TerminalDisplay
                0x000240d4                ReadLine
                0x00023e88                TerminalClear
                0x00023fb4                PrintBatman
 .text          0x000241d8      0x1f4 build/text.o
                0x00024280                FormatString
                0x00024254                SignedString
                0x000241d8                ReverseString
                0x00024204                UnsignedString

/DISCARD/
 *(*)
OUTPUT(build/output.elf elf32-littlearm)
